<<<<<<< Updated upstream
2019-06-20 08:58:51.776  INFO 6168 --- [restartedMain] c.c.copybigdata.CopybigdataApplication   : Starting CopybigdataApplication on HACKER-LIKER with PID 6168 (started by gdlzh in H:\编程资料汇总\项目汇总\就业大数据智能分析平台\代码\bigdata-java)
2019-06-20 08:58:51.792  INFO 6168 --- [restartedMain] c.c.copybigdata.CopybigdataApplication   : No active profile set, falling back to default profiles: default
2019-06-20 08:58:52.448  INFO 6168 --- [restartedMain] .e.DevToolsPropertyDefaultsPostProcessor : Devtools property defaults active! Set 'spring.devtools.add-properties' to 'false' to disable
2019-06-20 08:58:52.448  INFO 6168 --- [restartedMain] .e.DevToolsPropertyDefaultsPostProcessor : For additional web related logging consider setting the 'logging.level.web' property to 'DEBUG'
2019-06-20 08:58:56.745  INFO 6168 --- [restartedMain] .s.d.r.c.RepositoryConfigurationDelegate : Bootstrapping Spring Data repositories in DEFAULT mode.
2019-06-20 08:58:57.026  INFO 6168 --- [restartedMain] .s.d.r.c.RepositoryConfigurationDelegate : Finished Spring Data repository scanning in 250ms. Found 1 repository interfaces.
2019-06-20 08:58:58.213  INFO 6168 --- [restartedMain] trationDelegate$BeanPostProcessorChecker : Bean 'org.springframework.transaction.annotation.ProxyTransactionManagementConfiguration' of type [org.springframework.transaction.annotation.ProxyTransactionManagementConfiguration$$EnhancerBySpringCGLIB$$501d97b2] is not eligible for getting processed by all BeanPostProcessors (for example: not eligible for auto-proxying)
2019-06-20 08:59:00.432  INFO 6168 --- [restartedMain] o.s.b.w.embedded.tomcat.TomcatWebServer  : Tomcat initialized with port(s): 8080 (http)
2019-06-20 08:59:00.557  INFO 6168 --- [restartedMain] o.apache.catalina.core.StandardService   : Starting service [Tomcat]
2019-06-20 08:59:00.557  INFO 6168 --- [restartedMain] org.apache.catalina.core.StandardEngine  : Starting Servlet engine: [Apache Tomcat/9.0.19]
2019-06-20 08:59:00.916  INFO 6168 --- [restartedMain] o.a.c.c.C.[Tomcat].[localhost].[/]       : Initializing Spring embedded WebApplicationContext
2019-06-20 08:59:00.916  INFO 6168 --- [restartedMain] o.s.web.context.ContextLoader            : Root WebApplicationContext: initialization completed in 8453 ms
2019-06-20 08:59:01.479  INFO 6168 --- [restartedMain] c.a.d.s.b.a.DruidDataSourceAutoConfigure : Init DruidDataSource
2019-06-20 08:59:02.229  INFO 6168 --- [restartedMain] com.alibaba.druid.pool.DruidDataSource   : {dataSource-1} inited
2019-06-20 08:59:03.307  INFO 6168 --- [restartedMain] o.hibernate.jpa.internal.util.LogHelper  : HHH000204: Processing PersistenceUnitInfo [
	name: default
	...]
2019-06-20 08:59:03.791  INFO 6168 --- [restartedMain] org.hibernate.Version                    : HHH000412: Hibernate Core {5.3.10.Final}
2019-06-20 08:59:03.791  INFO 6168 --- [restartedMain] org.hibernate.cfg.Environment            : HHH000206: hibernate.properties not found
2019-06-20 08:59:04.744  INFO 6168 --- [restartedMain] o.hibernate.annotations.common.Version   : HCANN000001: Hibernate Commons Annotations {5.0.4.Final}
2019-06-20 08:59:05.572  INFO 6168 --- [restartedMain] org.hibernate.dialect.Dialect            : HHH000400: Using dialect: org.hibernate.dialect.MySQL5InnoDBDialect
2019-06-20 08:59:07.900  INFO 6168 --- [restartedMain] j.LocalContainerEntityManagerFactoryBean : Initialized JPA EntityManagerFactory for persistence unit 'default'
2019-06-20 08:59:07.994  INFO 6168 --- [restartedMain] o.s.b.d.a.OptionalLiveReloadServer       : LiveReload server is running on port 35729
2019-06-20 08:59:09.525  INFO 6168 --- [restartedMain] o.s.s.concurrent.ThreadPoolTaskExecutor  : Initializing ExecutorService 'applicationTaskExecutor'
2019-06-20 08:59:09.619  WARN 6168 --- [restartedMain] aWebConfiguration$JpaWebMvcConfiguration : spring.jpa.open-in-view is enabled by default. Therefore, database queries may be performed during view rendering. Explicitly configure spring.jpa.open-in-view to disable this warning
2019-06-20 08:59:10.135  INFO 6168 --- [restartedMain] o.s.b.w.embedded.tomcat.TomcatWebServer  : Tomcat started on port(s): 8080 (http) with context path ''
2019-06-20 08:59:10.135  INFO 6168 --- [restartedMain] c.c.copybigdata.CopybigdataApplication   : Started CopybigdataApplication in 20.078 seconds (JVM running for 27.278)
2019-06-20 08:59:37.964  INFO 6168 --- [http-nio-8080-exec-2] o.a.c.c.C.[Tomcat].[localhost].[/]       : Initializing Spring DispatcherServlet 'dispatcherServlet'
2019-06-20 08:59:37.965  INFO 6168 --- [http-nio-8080-exec-2] o.s.web.servlet.DispatcherServlet        : Initializing Servlet 'dispatcherServlet'
2019-06-20 08:59:37.981  INFO 6168 --- [http-nio-8080-exec-2] o.s.web.servlet.DispatcherServlet        : Completed initialization in 16 ms
2019-06-20 09:02:21.765  INFO 6168 --- [Thread-42] o.s.s.concurrent.ThreadPoolTaskExecutor  : Shutting down ExecutorService 'applicationTaskExecutor'
2019-06-20 09:02:21.767  INFO 6168 --- [Thread-42] j.LocalContainerEntityManagerFactoryBean : Closing JPA EntityManagerFactory for persistence unit 'default'
2019-06-20 09:02:21.779  INFO 6168 --- [Thread-42] com.alibaba.druid.pool.DruidDataSource   : {dataSource-1} closed
2019-06-20 09:02:35.855  INFO 11304 --- [restartedMain] c.c.copybigdata.CopybigdataApplication   : Starting CopybigdataApplication on HACKER-LIKER with PID 11304 (started by gdlzh in H:\编程资料汇总\项目汇总\就业大数据智能分析平台\代码\bigdata-java)
2019-06-20 09:02:35.862  INFO 11304 --- [restartedMain] c.c.copybigdata.CopybigdataApplication   : No active profile set, falling back to default profiles: default
2019-06-20 09:02:35.971  INFO 11304 --- [restartedMain] .e.DevToolsPropertyDefaultsPostProcessor : Devtools property defaults active! Set 'spring.devtools.add-properties' to 'false' to disable
2019-06-20 09:02:35.971  INFO 11304 --- [restartedMain] .e.DevToolsPropertyDefaultsPostProcessor : For additional web related logging consider setting the 'logging.level.web' property to 'DEBUG'
2019-06-20 09:02:39.081  INFO 11304 --- [restartedMain] .s.d.r.c.RepositoryConfigurationDelegate : Bootstrapping Spring Data repositories in DEFAULT mode.
2019-06-20 09:02:39.239  INFO 11304 --- [restartedMain] .s.d.r.c.RepositoryConfigurationDelegate : Finished Spring Data repository scanning in 135ms. Found 1 repository interfaces.
2019-06-20 09:02:40.099  INFO 11304 --- [restartedMain] trationDelegate$BeanPostProcessorChecker : Bean 'org.springframework.transaction.annotation.ProxyTransactionManagementConfiguration' of type [org.springframework.transaction.annotation.ProxyTransactionManagementConfiguration$$EnhancerBySpringCGLIB$$ced1dae4] is not eligible for getting processed by all BeanPostProcessors (for example: not eligible for auto-proxying)
2019-06-20 09:02:40.690  INFO 11304 --- [restartedMain] o.s.b.w.embedded.tomcat.TomcatWebServer  : Tomcat initialized with port(s): 8080 (http)
2019-06-20 09:02:40.741  INFO 11304 --- [restartedMain] o.apache.catalina.core.StandardService   : Starting service [Tomcat]
2019-06-20 09:02:40.742  INFO 11304 --- [restartedMain] org.apache.catalina.core.StandardEngine  : Starting Servlet engine: [Apache Tomcat/9.0.19]
2019-06-20 09:02:40.958  INFO 11304 --- [restartedMain] o.a.c.c.C.[Tomcat].[localhost].[/]       : Initializing Spring embedded WebApplicationContext
2019-06-20 09:02:40.958  INFO 11304 --- [restartedMain] o.s.web.context.ContextLoader            : Root WebApplicationContext: initialization completed in 4987 ms
2019-06-20 09:02:41.081  INFO 11304 --- [restartedMain] c.a.d.s.b.a.DruidDataSourceAutoConfigure : Init DruidDataSource
2019-06-20 09:02:41.305  INFO 11304 --- [restartedMain] com.alibaba.druid.pool.DruidDataSource   : {dataSource-1} inited
2019-06-20 09:02:41.855  INFO 11304 --- [restartedMain] o.hibernate.jpa.internal.util.LogHelper  : HHH000204: Processing PersistenceUnitInfo [
	name: default
	...]
2019-06-20 09:02:41.945  INFO 11304 --- [restartedMain] org.hibernate.Version                    : HHH000412: Hibernate Core {5.3.10.Final}
2019-06-20 09:02:41.949  INFO 11304 --- [restartedMain] org.hibernate.cfg.Environment            : HHH000206: hibernate.properties not found
2019-06-20 09:02:42.136  INFO 11304 --- [restartedMain] o.hibernate.annotations.common.Version   : HCANN000001: Hibernate Commons Annotations {5.0.4.Final}
2019-06-20 09:02:42.404  INFO 11304 --- [restartedMain] org.hibernate.dialect.Dialect            : HHH000400: Using dialect: org.hibernate.dialect.MySQL5InnoDBDialect
2019-06-20 09:02:43.297  INFO 11304 --- [restartedMain] j.LocalContainerEntityManagerFactoryBean : Initialized JPA EntityManagerFactory for persistence unit 'default'
2019-06-20 09:02:43.362  INFO 11304 --- [restartedMain] o.s.b.d.a.OptionalLiveReloadServer       : LiveReload server is running on port 35729
2019-06-20 09:02:44.143  INFO 11304 --- [restartedMain] o.s.s.concurrent.ThreadPoolTaskExecutor  : Initializing ExecutorService 'applicationTaskExecutor'
2019-06-20 09:02:44.204  WARN 11304 --- [restartedMain] aWebConfiguration$JpaWebMvcConfiguration : spring.jpa.open-in-view is enabled by default. Therefore, database queries may be performed during view rendering. Explicitly configure spring.jpa.open-in-view to disable this warning
2019-06-20 09:02:44.535  INFO 11304 --- [restartedMain] o.s.b.w.embedded.tomcat.TomcatWebServer  : Tomcat started on port(s): 8080 (http) with context path ''
2019-06-20 09:02:44.539  INFO 11304 --- [restartedMain] c.c.copybigdata.CopybigdataApplication   : Started CopybigdataApplication in 9.875 seconds (JVM running for 13.37)
2019-06-20 09:03:05.543  INFO 11304 --- [http-nio-8080-exec-1] o.a.c.c.C.[Tomcat].[localhost].[/]       : Initializing Spring DispatcherServlet 'dispatcherServlet'
2019-06-20 09:03:05.544  INFO 11304 --- [http-nio-8080-exec-1] o.s.web.servlet.DispatcherServlet        : Initializing Servlet 'dispatcherServlet'
2019-06-20 09:03:05.556  INFO 11304 --- [http-nio-8080-exec-1] o.s.web.servlet.DispatcherServlet        : Completed initialization in 12 ms
2019-06-20 09:24:01.540  INFO 5228 --- [restartedMain] c.c.copybigdata.CopybigdataApplication   : Starting CopybigdataApplication on HACKER-LIKER with PID 5228 (started by gdlzh in H:\编程资料汇总\项目汇总\就业大数据智能分析平台\代码\bigdata-java)
2019-06-20 09:24:01.540  INFO 5228 --- [restartedMain] c.c.copybigdata.CopybigdataApplication   : No active profile set, falling back to default profiles: default
2019-06-20 09:24:01.649  INFO 5228 --- [restartedMain] .e.DevToolsPropertyDefaultsPostProcessor : Devtools property defaults active! Set 'spring.devtools.add-properties' to 'false' to disable
2019-06-20 09:24:01.649  INFO 5228 --- [restartedMain] .e.DevToolsPropertyDefaultsPostProcessor : For additional web related logging consider setting the 'logging.level.web' property to 'DEBUG'
2019-06-20 09:24:03.323  INFO 5228 --- [restartedMain] .s.d.r.c.RepositoryConfigurationDelegate : Bootstrapping Spring Data repositories in DEFAULT mode.
2019-06-20 09:24:03.432  INFO 5228 --- [restartedMain] .s.d.r.c.RepositoryConfigurationDelegate : Finished Spring Data repository scanning in 79ms. Found 1 repository interfaces.
2019-06-20 09:24:03.932  INFO 5228 --- [restartedMain] trationDelegate$BeanPostProcessorChecker : Bean 'org.springframework.transaction.annotation.ProxyTransactionManagementConfiguration' of type [org.springframework.transaction.annotation.ProxyTransactionManagementConfiguration$$EnhancerBySpringCGLIB$$b297f20c] is not eligible for getting processed by all BeanPostProcessors (for example: not eligible for auto-proxying)
2019-06-20 09:24:04.448  INFO 5228 --- [restartedMain] o.s.b.w.embedded.tomcat.TomcatWebServer  : Tomcat initialized with port(s): 8080 (http)
2019-06-20 09:24:04.479  INFO 5228 --- [restartedMain] o.apache.catalina.core.StandardService   : Starting service [Tomcat]
2019-06-20 09:24:04.479  INFO 5228 --- [restartedMain] org.apache.catalina.core.StandardEngine  : Starting Servlet engine: [Apache Tomcat/9.0.19]
2019-06-20 09:24:04.667  INFO 5228 --- [restartedMain] o.a.c.c.C.[Tomcat].[localhost].[/]       : Initializing Spring embedded WebApplicationContext
2019-06-20 09:24:04.667  INFO 5228 --- [restartedMain] o.s.web.context.ContextLoader            : Root WebApplicationContext: initialization completed in 3018 ms
2019-06-20 09:24:04.792  INFO 5228 --- [restartedMain] c.a.d.s.b.a.DruidDataSourceAutoConfigure : Init DruidDataSource
2019-06-20 09:24:05.010  INFO 5228 --- [restartedMain] com.alibaba.druid.pool.DruidDataSource   : {dataSource-1} inited
2019-06-20 09:24:05.542  INFO 5228 --- [restartedMain] o.hibernate.jpa.internal.util.LogHelper  : HHH000204: Processing PersistenceUnitInfo [
	name: default
	...]
2019-06-20 09:24:05.635  INFO 5228 --- [restartedMain] org.hibernate.Version                    : HHH000412: Hibernate Core {5.3.10.Final}
2019-06-20 09:24:05.635  INFO 5228 --- [restartedMain] org.hibernate.cfg.Environment            : HHH000206: hibernate.properties not found
2019-06-20 09:24:05.807  INFO 5228 --- [restartedMain] o.hibernate.annotations.common.Version   : HCANN000001: Hibernate Commons Annotations {5.0.4.Final}
2019-06-20 09:24:05.995  INFO 5228 --- [restartedMain] org.hibernate.dialect.Dialect            : HHH000400: Using dialect: org.hibernate.dialect.MySQL5InnoDBDialect
2019-06-20 09:24:06.791  INFO 5228 --- [restartedMain] j.LocalContainerEntityManagerFactoryBean : Initialized JPA EntityManagerFactory for persistence unit 'default'
2019-06-20 09:24:06.854  INFO 5228 --- [restartedMain] o.s.b.d.a.OptionalLiveReloadServer       : LiveReload server is running on port 35729
2019-06-20 09:24:07.588  INFO 5228 --- [restartedMain] o.s.s.concurrent.ThreadPoolTaskExecutor  : Initializing ExecutorService 'applicationTaskExecutor'
2019-06-20 09:24:07.635  WARN 5228 --- [restartedMain] aWebConfiguration$JpaWebMvcConfiguration : spring.jpa.open-in-view is enabled by default. Therefore, database queries may be performed during view rendering. Explicitly configure spring.jpa.open-in-view to disable this warning
2019-06-20 09:24:07.916  INFO 5228 --- [restartedMain] o.s.b.w.embedded.tomcat.TomcatWebServer  : Tomcat started on port(s): 8080 (http) with context path ''
2019-06-20 09:24:07.932  INFO 5228 --- [restartedMain] c.c.copybigdata.CopybigdataApplication   : Started CopybigdataApplication in 7.501 seconds (JVM running for 10.211)
2019-06-20 09:31:12.725  INFO 5228 --- [http-nio-8080-exec-1] o.a.c.c.C.[Tomcat].[localhost].[/]       : Initializing Spring DispatcherServlet 'dispatcherServlet'
2019-06-20 09:31:12.726  INFO 5228 --- [http-nio-8080-exec-1] o.s.web.servlet.DispatcherServlet        : Initializing Servlet 'dispatcherServlet'
2019-06-20 09:31:12.744  INFO 5228 --- [http-nio-8080-exec-1] o.s.web.servlet.DispatcherServlet        : Completed initialization in 18 ms
2019-06-20 09:33:41.673  INFO 5228 --- [Thread-17] o.s.s.concurrent.ThreadPoolTaskExecutor  : Shutting down ExecutorService 'applicationTaskExecutor'
2019-06-20 09:33:41.674  INFO 5228 --- [Thread-17] j.LocalContainerEntityManagerFactoryBean : Closing JPA EntityManagerFactory for persistence unit 'default'
2019-06-20 09:33:41.684  INFO 5228 --- [Thread-17] com.alibaba.druid.pool.DruidDataSource   : {dataSource-1} closed
2019-06-20 09:33:43.226  INFO 5228 --- [restartedMain] c.c.copybigdata.CopybigdataApplication   : Starting CopybigdataApplication on HACKER-LIKER with PID 5228 (started by gdlzh in H:\编程资料汇总\项目汇总\就业大数据智能分析平台\代码\bigdata-java)
2019-06-20 09:33:43.227  INFO 5228 --- [restartedMain] c.c.copybigdata.CopybigdataApplication   : No active profile set, falling back to default profiles: default
2019-06-20 09:33:44.021  INFO 5228 --- [restartedMain] .s.d.r.c.RepositoryConfigurationDelegate : Bootstrapping Spring Data repositories in DEFAULT mode.
2019-06-20 09:33:44.058  INFO 5228 --- [restartedMain] .s.d.r.c.RepositoryConfigurationDelegate : Finished Spring Data repository scanning in 35ms. Found 1 repository interfaces.
2019-06-20 09:33:44.208  INFO 5228 --- [restartedMain] trationDelegate$BeanPostProcessorChecker : Bean 'org.springframework.transaction.annotation.ProxyTransactionManagementConfiguration' of type [org.springframework.transaction.annotation.ProxyTransactionManagementConfiguration$$EnhancerBySpringCGLIB$$b297f20c] is not eligible for getting processed by all BeanPostProcessors (for example: not eligible for auto-proxying)
2019-06-20 09:33:44.421  INFO 5228 --- [restartedMain] o.s.b.w.embedded.tomcat.TomcatWebServer  : Tomcat initialized with port(s): 8080 (http)
2019-06-20 09:33:44.423  INFO 5228 --- [restartedMain] o.apache.catalina.core.StandardService   : Starting service [Tomcat]
2019-06-20 09:33:44.424  INFO 5228 --- [restartedMain] org.apache.catalina.core.StandardEngine  : Starting Servlet engine: [Apache Tomcat/9.0.19]
2019-06-20 09:33:44.481  INFO 5228 --- [restartedMain] o.a.c.c.C.[Tomcat].[localhost].[/]       : Initializing Spring embedded WebApplicationContext
2019-06-20 09:33:44.482  INFO 5228 --- [restartedMain] o.s.web.context.ContextLoader            : Root WebApplicationContext: initialization completed in 1249 ms
2019-06-20 09:33:44.529  INFO 5228 --- [restartedMain] c.a.d.s.b.a.DruidDataSourceAutoConfigure : Init DruidDataSource
2019-06-20 09:33:44.620  INFO 5228 --- [restartedMain] com.alibaba.druid.pool.DruidDataSource   : {dataSource-2} inited
2019-06-20 09:33:44.715  INFO 5228 --- [restartedMain] o.hibernate.jpa.internal.util.LogHelper  : HHH000204: Processing PersistenceUnitInfo [
	name: default
	...]
2019-06-20 09:33:44.739  INFO 5228 --- [restartedMain] org.hibernate.dialect.Dialect            : HHH000400: Using dialect: org.hibernate.dialect.MySQL5InnoDBDialect
2019-06-20 09:33:44.844  INFO 5228 --- [restartedMain] j.LocalContainerEntityManagerFactoryBean : Initialized JPA EntityManagerFactory for persistence unit 'default'
2019-06-20 09:33:44.872  INFO 5228 --- [restartedMain] o.s.b.d.a.OptionalLiveReloadServer       : LiveReload server is running on port 35729
2019-06-20 09:33:45.161  INFO 5228 --- [restartedMain] o.s.s.concurrent.ThreadPoolTaskExecutor  : Initializing ExecutorService 'applicationTaskExecutor'
2019-06-20 09:33:45.181  WARN 5228 --- [restartedMain] aWebConfiguration$JpaWebMvcConfiguration : spring.jpa.open-in-view is enabled by default. Therefore, database queries may be performed during view rendering. Explicitly configure spring.jpa.open-in-view to disable this warning
2019-06-20 09:33:45.450  INFO 5228 --- [restartedMain] o.s.b.w.embedded.tomcat.TomcatWebServer  : Tomcat started on port(s): 8080 (http) with context path ''
2019-06-20 09:33:45.453  INFO 5228 --- [restartedMain] c.c.copybigdata.CopybigdataApplication   : Started CopybigdataApplication in 2.387 seconds (JVM running for 587.729)
2019-06-20 09:33:45.460  INFO 5228 --- [restartedMain] .ConditionEvaluationDeltaLoggingListener : Condition evaluation unchanged
2019-06-20 09:33:50.992  INFO 5228 --- [Thread-28] o.s.s.concurrent.ThreadPoolTaskExecutor  : Shutting down ExecutorService 'applicationTaskExecutor'
2019-06-20 09:33:50.997  INFO 5228 --- [Thread-28] j.LocalContainerEntityManagerFactoryBean : Closing JPA EntityManagerFactory for persistence unit 'default'
2019-06-20 09:33:51.000  INFO 5228 --- [Thread-28] com.alibaba.druid.pool.DruidDataSource   : {dataSource-2} closed
2019-06-20 09:33:52.083  INFO 5228 --- [restartedMain] c.c.copybigdata.CopybigdataApplication   : Starting CopybigdataApplication on HACKER-LIKER with PID 5228 (started by gdlzh in H:\编程资料汇总\项目汇总\就业大数据智能分析平台\代码\bigdata-java)
2019-06-20 09:33:52.084  INFO 5228 --- [restartedMain] c.c.copybigdata.CopybigdataApplication   : No active profile set, falling back to default profiles: default
2019-06-20 09:33:52.676  INFO 5228 --- [restartedMain] .s.d.r.c.RepositoryConfigurationDelegate : Bootstrapping Spring Data repositories in DEFAULT mode.
2019-06-20 09:33:52.706  INFO 5228 --- [restartedMain] .s.d.r.c.RepositoryConfigurationDelegate : Finished Spring Data repository scanning in 30ms. Found 1 repository interfaces.
2019-06-20 09:33:52.828  INFO 5228 --- [restartedMain] trationDelegate$BeanPostProcessorChecker : Bean 'org.springframework.transaction.annotation.ProxyTransactionManagementConfiguration' of type [org.springframework.transaction.annotation.ProxyTransactionManagementConfiguration$$EnhancerBySpringCGLIB$$b297f20c] is not eligible for getting processed by all BeanPostProcessors (for example: not eligible for auto-proxying)
2019-06-20 09:33:53.052  INFO 5228 --- [restartedMain] o.s.b.w.embedded.tomcat.TomcatWebServer  : Tomcat initialized with port(s): 8080 (http)
2019-06-20 09:33:53.056  INFO 5228 --- [restartedMain] o.apache.catalina.core.StandardService   : Starting service [Tomcat]
2019-06-20 09:33:53.056  INFO 5228 --- [restartedMain] org.apache.catalina.core.StandardEngine  : Starting Servlet engine: [Apache Tomcat/9.0.19]
2019-06-20 09:33:53.140  INFO 5228 --- [restartedMain] o.a.c.c.C.[Tomcat].[localhost].[/]       : Initializing Spring embedded WebApplicationContext
2019-06-20 09:33:53.141  INFO 5228 --- [restartedMain] o.s.web.context.ContextLoader            : Root WebApplicationContext: initialization completed in 1052 ms
2019-06-20 09:33:53.365  INFO 5228 --- [restartedMain] c.a.d.s.b.a.DruidDataSourceAutoConfigure : Init DruidDataSource
2019-06-20 09:33:53.491  INFO 5228 --- [restartedMain] com.alibaba.druid.pool.DruidDataSource   : {dataSource-3} inited
2019-06-20 09:33:53.606  INFO 5228 --- [restartedMain] o.hibernate.jpa.internal.util.LogHelper  : HHH000204: Processing PersistenceUnitInfo [
	name: default
	...]
2019-06-20 09:33:53.632  INFO 5228 --- [restartedMain] org.hibernate.dialect.Dialect            : HHH000400: Using dialect: org.hibernate.dialect.MySQL5InnoDBDialect
2019-06-20 09:33:53.733  INFO 5228 --- [restartedMain] j.LocalContainerEntityManagerFactoryBean : Initialized JPA EntityManagerFactory for persistence unit 'default'
2019-06-20 09:33:53.763  INFO 5228 --- [restartedMain] o.s.b.d.a.OptionalLiveReloadServer       : LiveReload server is running on port 35729
2019-06-20 09:33:54.000  INFO 5228 --- [restartedMain] o.s.s.concurrent.ThreadPoolTaskExecutor  : Initializing ExecutorService 'applicationTaskExecutor'
2019-06-20 09:33:54.009  WARN 5228 --- [restartedMain] aWebConfiguration$JpaWebMvcConfiguration : spring.jpa.open-in-view is enabled by default. Therefore, database queries may be performed during view rendering. Explicitly configure spring.jpa.open-in-view to disable this warning
2019-06-20 09:33:54.150  INFO 5228 --- [restartedMain] o.s.b.w.embedded.tomcat.TomcatWebServer  : Tomcat started on port(s): 8080 (http) with context path ''
2019-06-20 09:33:54.151  INFO 5228 --- [restartedMain] c.c.copybigdata.CopybigdataApplication   : Started CopybigdataApplication in 2.132 seconds (JVM running for 596.426)
2019-06-20 09:33:54.155  INFO 5228 --- [restartedMain] .ConditionEvaluationDeltaLoggingListener : Condition evaluation unchanged
2019-06-20 09:34:23.897  INFO 15592 --- [main] c.c.c.CopybigdataApplicationTests        : Starting CopybigdataApplicationTests on HACKER-LIKER with PID 15592 (started by gdlzh in H:\������ϻ���\��Ŀ����\��ҵ���������ܷ���ƽ̨\����\bigdata-java)
2019-06-20 09:34:23.900  INFO 15592 --- [main] c.c.c.CopybigdataApplicationTests        : No active profile set, falling back to default profiles: default
2019-06-20 09:34:26.341  INFO 15592 --- [main] .s.d.r.c.RepositoryConfigurationDelegate : Bootstrapping Spring Data repositories in DEFAULT mode.
2019-06-20 09:34:26.567  INFO 15592 --- [main] .s.d.r.c.RepositoryConfigurationDelegate : Finished Spring Data repository scanning in 190ms. Found 1 repository interfaces.
2019-06-20 09:34:27.745  INFO 15592 --- [main] trationDelegate$BeanPostProcessorChecker : Bean 'org.springframework.transaction.annotation.ProxyTransactionManagementConfiguration' of type [org.springframework.transaction.annotation.ProxyTransactionManagementConfiguration$$EnhancerBySpringCGLIB$$5f17317] is not eligible for getting processed by all BeanPostProcessors (for example: not eligible for auto-proxying)
2019-06-20 09:34:27.914  INFO 15592 --- [main] c.a.d.s.b.a.DruidDataSourceAutoConfigure : Init DruidDataSource
2019-06-20 09:34:28.541  INFO 15592 --- [main] com.alibaba.druid.pool.DruidDataSource   : {dataSource-1} inited
2019-06-20 09:34:29.844  INFO 15592 --- [main] o.hibernate.jpa.internal.util.LogHelper  : HHH000204: Processing PersistenceUnitInfo [
	name: default
	...]
2019-06-20 09:34:30.237  INFO 15592 --- [main] org.hibernate.Version                    : HHH000412: Hibernate Core {5.3.10.Final}
2019-06-20 09:34:30.243  INFO 15592 --- [main] org.hibernate.cfg.Environment            : HHH000206: hibernate.properties not found
2019-06-20 09:34:30.644  INFO 15592 --- [main] o.hibernate.annotations.common.Version   : HCANN000001: Hibernate Commons Annotations {5.0.4.Final}
2019-06-20 09:34:31.964  INFO 15592 --- [main] org.hibernate.dialect.Dialect            : HHH000400: Using dialect: org.hibernate.dialect.MySQL5InnoDBDialect
2019-06-20 09:34:34.312  INFO 15592 --- [main] j.LocalContainerEntityManagerFactoryBean : Initialized JPA EntityManagerFactory for persistence unit 'default'
2019-06-20 09:34:37.252  INFO 15592 --- [main] o.s.s.concurrent.ThreadPoolTaskExecutor  : Initializing ExecutorService 'applicationTaskExecutor'
2019-06-20 09:34:37.455  WARN 15592 --- [main] aWebConfiguration$JpaWebMvcConfiguration : spring.jpa.open-in-view is enabled by default. Therefore, database queries may be performed during view rendering. Explicitly configure spring.jpa.open-in-view to disable this warning
2019-06-20 09:34:38.692  INFO 15592 --- [main] c.c.c.CopybigdataApplicationTests        : Started CopybigdataApplicationTests in 15.872 seconds (JVM running for 18.402)
2019-06-20 09:34:39.270  INFO 15592 --- [Thread-3] o.s.s.concurrent.ThreadPoolTaskExecutor  : Shutting down ExecutorService 'applicationTaskExecutor'
2019-06-20 09:34:39.277  INFO 15592 --- [Thread-3] j.LocalContainerEntityManagerFactoryBean : Closing JPA EntityManagerFactory for persistence unit 'default'
2019-06-20 09:34:39.301  INFO 15592 --- [Thread-3] com.alibaba.druid.pool.DruidDataSource   : {dataSource-1} closed
2019-06-20 13:10:33.712  INFO 14004 --- [restartedMain] c.c.copybigdata.CopybigdataApplication   : Starting CopybigdataApplication on HACKER-LIKER with PID 14004 (started by gdlzh in H:\编程资料汇总\项目汇总\就业大数据智能分析平台\代码\bigdata-java)
2019-06-20 13:10:33.741  INFO 14004 --- [restartedMain] c.c.copybigdata.CopybigdataApplication   : No active profile set, falling back to default profiles: default
2019-06-20 13:10:34.257  INFO 14004 --- [restartedMain] .e.DevToolsPropertyDefaultsPostProcessor : Devtools property defaults active! Set 'spring.devtools.add-properties' to 'false' to disable
2019-06-20 13:10:34.258  INFO 14004 --- [restartedMain] .e.DevToolsPropertyDefaultsPostProcessor : For additional web related logging consider setting the 'logging.level.web' property to 'DEBUG'
2019-06-20 13:10:37.584  INFO 14004 --- [restartedMain] .s.d.r.c.RepositoryConfigurationDelegate : Bootstrapping Spring Data repositories in DEFAULT mode.
2019-06-20 13:10:37.838  INFO 14004 --- [restartedMain] .s.d.r.c.RepositoryConfigurationDelegate : Finished Spring Data repository scanning in 194ms. Found 1 repository interfaces.
2019-06-20 13:10:40.702  INFO 14004 --- [restartedMain] trationDelegate$BeanPostProcessorChecker : Bean 'org.springframework.transaction.annotation.ProxyTransactionManagementConfiguration' of type [org.springframework.transaction.annotation.ProxyTransactionManagementConfiguration$$EnhancerBySpringCGLIB$$26d1bbb2] is not eligible for getting processed by all BeanPostProcessors (for example: not eligible for auto-proxying)
2019-06-20 13:10:42.336  INFO 14004 --- [restartedMain] o.s.b.w.embedded.tomcat.TomcatWebServer  : Tomcat initialized with port(s): 8080 (http)
2019-06-20 13:10:42.752  INFO 14004 --- [restartedMain] o.apache.catalina.core.StandardService   : Starting service [Tomcat]
2019-06-20 13:10:42.753  INFO 14004 --- [restartedMain] org.apache.catalina.core.StandardEngine  : Starting Servlet engine: [Apache Tomcat/9.0.19]
2019-06-20 13:10:43.315  INFO 14004 --- [restartedMain] o.a.c.c.C.[Tomcat].[localhost].[/]       : Initializing Spring embedded WebApplicationContext
2019-06-20 13:10:43.316  INFO 14004 --- [restartedMain] o.s.web.context.ContextLoader            : Root WebApplicationContext: initialization completed in 9057 ms
2019-06-20 13:10:43.568  INFO 14004 --- [restartedMain] c.a.d.s.b.a.DruidDataSourceAutoConfigure : Init DruidDataSource
2019-06-20 13:10:43.890  INFO 14004 --- [restartedMain] com.alibaba.druid.pool.DruidDataSource   : {dataSource-1} inited
2019-06-20 13:10:45.256  INFO 14004 --- [restartedMain] o.hibernate.jpa.internal.util.LogHelper  : HHH000204: Processing PersistenceUnitInfo [
	name: default
	...]
2019-06-20 13:10:47.273  INFO 14004 --- [restartedMain] org.hibernate.Version                    : HHH000412: Hibernate Core {5.3.10.Final}
2019-06-20 13:10:47.278  INFO 14004 --- [restartedMain] org.hibernate.cfg.Environment            : HHH000206: hibernate.properties not found
2019-06-20 13:10:47.979  INFO 14004 --- [restartedMain] o.hibernate.annotations.common.Version   : HCANN000001: Hibernate Commons Annotations {5.0.4.Final}
2019-06-20 13:10:48.591  INFO 14004 --- [restartedMain] org.hibernate.dialect.Dialect            : HHH000400: Using dialect: org.hibernate.dialect.MySQL5InnoDBDialect
2019-06-20 13:10:50.891  INFO 14004 --- [restartedMain] j.LocalContainerEntityManagerFactoryBean : Initialized JPA EntityManagerFactory for persistence unit 'default'
2019-06-20 13:10:51.001  INFO 14004 --- [restartedMain] o.s.b.d.a.OptionalLiveReloadServer       : LiveReload server is running on port 35729
2019-06-20 13:10:55.054  INFO 14004 --- [restartedMain] o.s.s.concurrent.ThreadPoolTaskExecutor  : Initializing ExecutorService 'applicationTaskExecutor'
2019-06-20 13:10:55.617  WARN 14004 --- [restartedMain] aWebConfiguration$JpaWebMvcConfiguration : spring.jpa.open-in-view is enabled by default. Therefore, database queries may be performed during view rendering. Explicitly configure spring.jpa.open-in-view to disable this warning
2019-06-20 13:10:58.103  INFO 14004 --- [restartedMain] o.s.b.w.embedded.tomcat.TomcatWebServer  : Tomcat started on port(s): 8080 (http) with context path ''
2019-06-20 13:10:58.125  INFO 14004 --- [restartedMain] c.c.copybigdata.CopybigdataApplication   : Started CopybigdataApplication in 26.772 seconds (JVM running for 31.284)
2019-06-20 13:11:34.705  INFO 14004 --- [http-nio-8080-exec-1] o.a.c.c.C.[Tomcat].[localhost].[/]       : Initializing Spring DispatcherServlet 'dispatcherServlet'
2019-06-20 13:11:34.705  INFO 14004 --- [http-nio-8080-exec-1] o.s.web.servlet.DispatcherServlet        : Initializing Servlet 'dispatcherServlet'
2019-06-20 13:11:34.716  INFO 14004 --- [http-nio-8080-exec-1] o.s.web.servlet.DispatcherServlet        : Completed initialization in 11 ms
2019-06-20 13:14:27.750  INFO 17304 --- [restartedMain] c.c.copybigdata.CopybigdataApplication   : Starting CopybigdataApplication on HACKER-LIKER with PID 17304 (started by gdlzh in H:\编程资料汇总\项目汇总\就业大数据智能分析平台\代码\bigdata-java)
2019-06-20 13:14:27.761  INFO 17304 --- [restartedMain] c.c.copybigdata.CopybigdataApplication   : No active profile set, falling back to default profiles: default
2019-06-20 13:14:27.985  INFO 17304 --- [restartedMain] .e.DevToolsPropertyDefaultsPostProcessor : Devtools property defaults active! Set 'spring.devtools.add-properties' to 'false' to disable
2019-06-20 13:14:27.985  INFO 17304 --- [restartedMain] .e.DevToolsPropertyDefaultsPostProcessor : For additional web related logging consider setting the 'logging.level.web' property to 'DEBUG'
2019-06-20 13:14:29.833  INFO 17304 --- [restartedMain] .s.d.r.c.RepositoryConfigurationDelegate : Bootstrapping Spring Data repositories in DEFAULT mode.
2019-06-20 13:14:29.979  INFO 17304 --- [restartedMain] .s.d.r.c.RepositoryConfigurationDelegate : Finished Spring Data repository scanning in 127ms. Found 1 repository interfaces.
2019-06-20 13:14:30.729  INFO 17304 --- [restartedMain] trationDelegate$BeanPostProcessorChecker : Bean 'org.springframework.transaction.annotation.ProxyTransactionManagementConfiguration' of type [org.springframework.transaction.annotation.ProxyTransactionManagementConfiguration$$EnhancerBySpringCGLIB$$8c03f11f] is not eligible for getting processed by all BeanPostProcessors (for example: not eligible for auto-proxying)
2019-06-20 13:14:31.449  INFO 17304 --- [restartedMain] o.s.b.w.embedded.tomcat.TomcatWebServer  : Tomcat initialized with port(s): 8080 (http)
2019-06-20 13:14:31.507  INFO 17304 --- [restartedMain] o.apache.catalina.core.StandardService   : Starting service [Tomcat]
2019-06-20 13:14:31.508  INFO 17304 --- [restartedMain] org.apache.catalina.core.StandardEngine  : Starting Servlet engine: [Apache Tomcat/9.0.19]
2019-06-20 13:14:31.771  INFO 17304 --- [restartedMain] o.a.c.c.C.[Tomcat].[localhost].[/]       : Initializing Spring embedded WebApplicationContext
2019-06-20 13:14:31.771  INFO 17304 --- [restartedMain] o.s.web.context.ContextLoader            : Root WebApplicationContext: initialization completed in 3785 ms
2019-06-20 13:14:31.930  INFO 17304 --- [restartedMain] c.a.d.s.b.a.DruidDataSourceAutoConfigure : Init DruidDataSource
2019-06-20 13:14:32.313  INFO 17304 --- [restartedMain] com.alibaba.druid.pool.DruidDataSource   : {dataSource-1} inited
2019-06-20 13:14:32.834  INFO 17304 --- [restartedMain] o.hibernate.jpa.internal.util.LogHelper  : HHH000204: Processing PersistenceUnitInfo [
	name: default
	...]
2019-06-20 13:14:32.956  INFO 17304 --- [restartedMain] org.hibernate.Version                    : HHH000412: Hibernate Core {5.3.10.Final}
2019-06-20 13:14:32.960  INFO 17304 --- [restartedMain] org.hibernate.cfg.Environment            : HHH000206: hibernate.properties not found
2019-06-20 13:14:33.237  INFO 17304 --- [restartedMain] o.hibernate.annotations.common.Version   : HCANN000001: Hibernate Commons Annotations {5.0.4.Final}
2019-06-20 13:14:33.522  INFO 17304 --- [restartedMain] org.hibernate.dialect.Dialect            : HHH000400: Using dialect: org.hibernate.dialect.MySQL5InnoDBDialect
2019-06-20 13:14:34.691  INFO 17304 --- [restartedMain] j.LocalContainerEntityManagerFactoryBean : Initialized JPA EntityManagerFactory for persistence unit 'default'
2019-06-20 13:14:34.778  INFO 17304 --- [restartedMain] o.s.b.d.a.OptionalLiveReloadServer       : LiveReload server is running on port 35729
2019-06-20 13:14:35.743  INFO 17304 --- [restartedMain] o.s.s.concurrent.ThreadPoolTaskExecutor  : Initializing ExecutorService 'applicationTaskExecutor'
2019-06-20 13:14:35.811  WARN 17304 --- [restartedMain] aWebConfiguration$JpaWebMvcConfiguration : spring.jpa.open-in-view is enabled by default. Therefore, database queries may be performed during view rendering. Explicitly configure spring.jpa.open-in-view to disable this warning
2019-06-20 13:14:36.198  INFO 17304 --- [restartedMain] o.s.b.w.embedded.tomcat.TomcatWebServer  : Tomcat started on port(s): 8080 (http) with context path ''
2019-06-20 13:14:36.206  INFO 17304 --- [restartedMain] c.c.copybigdata.CopybigdataApplication   : Started CopybigdataApplication in 10.098 seconds (JVM running for 14.655)
2019-06-20 13:14:41.158  INFO 17304 --- [http-nio-8080-exec-1] o.a.c.c.C.[Tomcat].[localhost].[/]       : Initializing Spring DispatcherServlet 'dispatcherServlet'
2019-06-20 13:14:41.159  INFO 17304 --- [http-nio-8080-exec-1] o.s.web.servlet.DispatcherServlet        : Initializing Servlet 'dispatcherServlet'
2019-06-20 13:14:41.173  INFO 17304 --- [http-nio-8080-exec-1] o.s.web.servlet.DispatcherServlet        : Completed initialization in 14 ms
2019-06-20 13:18:04.043  INFO 17304 --- [Thread-28] o.s.s.concurrent.ThreadPoolTaskExecutor  : Shutting down ExecutorService 'applicationTaskExecutor'
2019-06-20 13:18:04.046  INFO 17304 --- [Thread-28] j.LocalContainerEntityManagerFactoryBean : Closing JPA EntityManagerFactory for persistence unit 'default'
2019-06-20 13:18:04.091  INFO 17304 --- [Thread-28] com.alibaba.druid.pool.DruidDataSource   : {dataSource-1} closed
2019-06-20 13:18:19.024  INFO 2656 --- [restartedMain] c.c.copybigdata.CopybigdataApplication   : Starting CopybigdataApplication on HACKER-LIKER with PID 2656 (started by gdlzh in H:\编程资料汇总\项目汇总\就业大数据智能分析平台\代码\bigdata-java)
2019-06-20 13:18:19.034  INFO 2656 --- [restartedMain] c.c.copybigdata.CopybigdataApplication   : No active profile set, falling back to default profiles: default
2019-06-20 13:18:19.210  INFO 2656 --- [restartedMain] .e.DevToolsPropertyDefaultsPostProcessor : Devtools property defaults active! Set 'spring.devtools.add-properties' to 'false' to disable
2019-06-20 13:18:19.211  INFO 2656 --- [restartedMain] .e.DevToolsPropertyDefaultsPostProcessor : For additional web related logging consider setting the 'logging.level.web' property to 'DEBUG'
2019-06-20 13:18:21.444  INFO 2656 --- [restartedMain] .s.d.r.c.RepositoryConfigurationDelegate : Bootstrapping Spring Data repositories in DEFAULT mode.
2019-06-20 13:18:21.609  INFO 2656 --- [restartedMain] .s.d.r.c.RepositoryConfigurationDelegate : Finished Spring Data repository scanning in 144ms. Found 1 repository interfaces.
2019-06-20 13:18:22.342  INFO 2656 --- [restartedMain] trationDelegate$BeanPostProcessorChecker : Bean 'org.springframework.transaction.annotation.ProxyTransactionManagementConfiguration' of type [org.springframework.transaction.annotation.ProxyTransactionManagementConfiguration$$EnhancerBySpringCGLIB$$ffc20d80] is not eligible for getting processed by all BeanPostProcessors (for example: not eligible for auto-proxying)
2019-06-20 13:18:23.091  INFO 2656 --- [restartedMain] o.s.b.w.embedded.tomcat.TomcatWebServer  : Tomcat initialized with port(s): 8080 (http)
2019-06-20 13:18:23.141  INFO 2656 --- [restartedMain] o.apache.catalina.core.StandardService   : Starting service [Tomcat]
2019-06-20 13:18:23.142  INFO 2656 --- [restartedMain] org.apache.catalina.core.StandardEngine  : Starting Servlet engine: [Apache Tomcat/9.0.19]
2019-06-20 13:18:23.392  INFO 2656 --- [restartedMain] o.a.c.c.C.[Tomcat].[localhost].[/]       : Initializing Spring embedded WebApplicationContext
2019-06-20 13:18:23.392  INFO 2656 --- [restartedMain] o.s.web.context.ContextLoader            : Root WebApplicationContext: initialization completed in 4181 ms
2019-06-20 13:18:23.547  INFO 2656 --- [restartedMain] c.a.d.s.b.a.DruidDataSourceAutoConfigure : Init DruidDataSource
2019-06-20 13:18:23.924  INFO 2656 --- [restartedMain] com.alibaba.druid.pool.DruidDataSource   : {dataSource-1} inited
2019-06-20 13:18:24.465  INFO 2656 --- [restartedMain] o.hibernate.jpa.internal.util.LogHelper  : HHH000204: Processing PersistenceUnitInfo [
	name: default
	...]
2019-06-20 13:18:24.586  INFO 2656 --- [restartedMain] org.hibernate.Version                    : HHH000412: Hibernate Core {5.3.10.Final}
2019-06-20 13:18:24.589  INFO 2656 --- [restartedMain] org.hibernate.cfg.Environment            : HHH000206: hibernate.properties not found
2019-06-20 13:18:24.918  INFO 2656 --- [restartedMain] o.hibernate.annotations.common.Version   : HCANN000001: Hibernate Commons Annotations {5.0.4.Final}
2019-06-20 13:18:25.211  INFO 2656 --- [restartedMain] org.hibernate.dialect.Dialect            : HHH000400: Using dialect: org.hibernate.dialect.MySQL5InnoDBDialect
2019-06-20 13:18:26.398  INFO 2656 --- [restartedMain] j.LocalContainerEntityManagerFactoryBean : Initialized JPA EntityManagerFactory for persistence unit 'default'
2019-06-20 13:18:26.479  INFO 2656 --- [restartedMain] o.s.b.d.a.OptionalLiveReloadServer       : LiveReload server is running on port 35729
2019-06-20 13:18:27.441  INFO 2656 --- [restartedMain] o.s.s.concurrent.ThreadPoolTaskExecutor  : Initializing ExecutorService 'applicationTaskExecutor'
2019-06-20 13:18:27.520  WARN 2656 --- [restartedMain] aWebConfiguration$JpaWebMvcConfiguration : spring.jpa.open-in-view is enabled by default. Therefore, database queries may be performed during view rendering. Explicitly configure spring.jpa.open-in-view to disable this warning
2019-06-20 13:18:27.909  INFO 2656 --- [restartedMain] o.s.b.w.embedded.tomcat.TomcatWebServer  : Tomcat started on port(s): 8080 (http) with context path ''
2019-06-20 13:18:27.915  INFO 2656 --- [restartedMain] c.c.copybigdata.CopybigdataApplication   : Started CopybigdataApplication in 10.364 seconds (JVM running for 13.858)
2019-06-20 13:18:37.457  INFO 2656 --- [http-nio-8080-exec-2] o.a.c.c.C.[Tomcat].[localhost].[/]       : Initializing Spring DispatcherServlet 'dispatcherServlet'
2019-06-20 13:18:37.457  INFO 2656 --- [http-nio-8080-exec-2] o.s.web.servlet.DispatcherServlet        : Initializing Servlet 'dispatcherServlet'
2019-06-20 13:18:37.470  INFO 2656 --- [http-nio-8080-exec-2] o.s.web.servlet.DispatcherServlet        : Completed initialization in 13 ms
2019-06-20 13:20:23.975  INFO 2656 --- [Thread-26] o.s.s.concurrent.ThreadPoolTaskExecutor  : Shutting down ExecutorService 'applicationTaskExecutor'
2019-06-20 13:20:23.977  INFO 2656 --- [Thread-26] j.LocalContainerEntityManagerFactoryBean : Closing JPA EntityManagerFactory for persistence unit 'default'
2019-06-20 13:20:23.993  INFO 2656 --- [Thread-26] com.alibaba.druid.pool.DruidDataSource   : {dataSource-1} closed
2019-06-20 13:20:42.295  INFO 17000 --- [restartedMain] c.c.copybigdata.CopybigdataApplication   : Starting CopybigdataApplication on HACKER-LIKER with PID 17000 (started by gdlzh in H:\编程资料汇总\项目汇总\就业大数据智能分析平台\代码\bigdata-java)
2019-06-20 13:20:42.307  INFO 17000 --- [restartedMain] c.c.copybigdata.CopybigdataApplication   : No active profile set, falling back to default profiles: default
2019-06-20 13:20:42.457  INFO 17000 --- [restartedMain] .e.DevToolsPropertyDefaultsPostProcessor : Devtools property defaults active! Set 'spring.devtools.add-properties' to 'false' to disable
2019-06-20 13:20:42.457  INFO 17000 --- [restartedMain] .e.DevToolsPropertyDefaultsPostProcessor : For additional web related logging consider setting the 'logging.level.web' property to 'DEBUG'
2019-06-20 13:20:44.955  INFO 17000 --- [restartedMain] .s.d.r.c.RepositoryConfigurationDelegate : Bootstrapping Spring Data repositories in DEFAULT mode.
2019-06-20 13:20:45.108  INFO 17000 --- [restartedMain] .s.d.r.c.RepositoryConfigurationDelegate : Finished Spring Data repository scanning in 135ms. Found 1 repository interfaces.
2019-06-20 13:20:45.996  INFO 17000 --- [restartedMain] trationDelegate$BeanPostProcessorChecker : Bean 'org.springframework.transaction.annotation.ProxyTransactionManagementConfiguration' of type [org.springframework.transaction.annotation.ProxyTransactionManagementConfiguration$$EnhancerBySpringCGLIB$$20bd0517] is not eligible for getting processed by all BeanPostProcessors (for example: not eligible for auto-proxying)
2019-06-20 13:20:46.977  INFO 17000 --- [restartedMain] o.s.b.w.embedded.tomcat.TomcatWebServer  : Tomcat initialized with port(s): 8080 (http)
2019-06-20 13:20:47.030  INFO 17000 --- [restartedMain] o.apache.catalina.core.StandardService   : Starting service [Tomcat]
2019-06-20 13:20:47.031  INFO 17000 --- [restartedMain] org.apache.catalina.core.StandardEngine  : Starting Servlet engine: [Apache Tomcat/9.0.19]
2019-06-20 13:20:47.357  INFO 17000 --- [restartedMain] o.a.c.c.C.[Tomcat].[localhost].[/]       : Initializing Spring embedded WebApplicationContext
2019-06-20 13:20:47.358  INFO 17000 --- [restartedMain] o.s.web.context.ContextLoader            : Root WebApplicationContext: initialization completed in 4900 ms
2019-06-20 13:20:47.521  INFO 17000 --- [restartedMain] c.a.d.s.b.a.DruidDataSourceAutoConfigure : Init DruidDataSource
2019-06-20 13:20:47.935  INFO 17000 --- [restartedMain] com.alibaba.druid.pool.DruidDataSource   : {dataSource-1} inited
2019-06-20 13:20:48.441  INFO 17000 --- [restartedMain] o.hibernate.jpa.internal.util.LogHelper  : HHH000204: Processing PersistenceUnitInfo [
	name: default
	...]
2019-06-20 13:20:48.574  INFO 17000 --- [restartedMain] org.hibernate.Version                    : HHH000412: Hibernate Core {5.3.10.Final}
2019-06-20 13:20:48.579  INFO 17000 --- [restartedMain] org.hibernate.cfg.Environment            : HHH000206: hibernate.properties not found
2019-06-20 13:20:49.002  INFO 17000 --- [restartedMain] o.hibernate.annotations.common.Version   : HCANN000001: Hibernate Commons Annotations {5.0.4.Final}
2019-06-20 13:20:49.315  INFO 17000 --- [restartedMain] org.hibernate.dialect.Dialect            : HHH000400: Using dialect: org.hibernate.dialect.MySQL5InnoDBDialect
2019-06-20 13:20:50.720  INFO 17000 --- [restartedMain] j.LocalContainerEntityManagerFactoryBean : Initialized JPA EntityManagerFactory for persistence unit 'default'
2019-06-20 13:20:50.816  INFO 17000 --- [restartedMain] o.s.b.d.a.OptionalLiveReloadServer       : LiveReload server is running on port 35729
2019-06-20 13:20:52.224  INFO 17000 --- [restartedMain] o.s.s.concurrent.ThreadPoolTaskExecutor  : Initializing ExecutorService 'applicationTaskExecutor'
2019-06-20 13:20:52.319  WARN 17000 --- [restartedMain] aWebConfiguration$JpaWebMvcConfiguration : spring.jpa.open-in-view is enabled by default. Therefore, database queries may be performed during view rendering. Explicitly configure spring.jpa.open-in-view to disable this warning
2019-06-20 13:20:52.748  INFO 17000 --- [restartedMain] o.s.b.w.embedded.tomcat.TomcatWebServer  : Tomcat started on port(s): 8080 (http) with context path ''
2019-06-20 13:20:52.755  INFO 17000 --- [restartedMain] c.c.copybigdata.CopybigdataApplication   : Started CopybigdataApplication in 12.128 seconds (JVM running for 16.042)
2019-06-20 13:20:53.145  INFO 17000 --- [http-nio-8080-exec-1] o.a.c.c.C.[Tomcat].[localhost].[/]       : Initializing Spring DispatcherServlet 'dispatcherServlet'
2019-06-20 13:20:53.146  INFO 17000 --- [http-nio-8080-exec-1] o.s.web.servlet.DispatcherServlet        : Initializing Servlet 'dispatcherServlet'
2019-06-20 13:20:53.167  INFO 17000 --- [http-nio-8080-exec-1] o.s.web.servlet.DispatcherServlet        : Completed initialization in 21 ms
2019-06-20 13:21:32.378  INFO 17000 --- [Thread-32] o.s.s.concurrent.ThreadPoolTaskExecutor  : Shutting down ExecutorService 'applicationTaskExecutor'
2019-06-20 13:21:32.380  INFO 17000 --- [Thread-32] j.LocalContainerEntityManagerFactoryBean : Closing JPA EntityManagerFactory for persistence unit 'default'
2019-06-20 13:21:32.400  INFO 17000 --- [Thread-32] com.alibaba.druid.pool.DruidDataSource   : {dataSource-1} closed
2019-06-20 13:28:25.109  INFO 1296 --- [restartedMain] c.c.copybigdata.CopybigdataApplication   : Starting CopybigdataApplication on HACKER-LIKER with PID 1296 (started by gdlzh in H:\编程资料汇总\项目汇总\就业大数据智能分析平台\代码\bigdata-java)
2019-06-20 13:28:25.129  INFO 1296 --- [restartedMain] c.c.copybigdata.CopybigdataApplication   : No active profile set, falling back to default profiles: default
2019-06-20 13:28:25.275  INFO 1296 --- [restartedMain] .e.DevToolsPropertyDefaultsPostProcessor : Devtools property defaults active! Set 'spring.devtools.add-properties' to 'false' to disable
2019-06-20 13:28:25.275  INFO 1296 --- [restartedMain] .e.DevToolsPropertyDefaultsPostProcessor : For additional web related logging consider setting the 'logging.level.web' property to 'DEBUG'
2019-06-20 13:28:27.014  INFO 1296 --- [restartedMain] .s.d.r.c.RepositoryConfigurationDelegate : Bootstrapping Spring Data repositories in DEFAULT mode.
2019-06-20 13:28:27.141  INFO 1296 --- [restartedMain] .s.d.r.c.RepositoryConfigurationDelegate : Finished Spring Data repository scanning in 117ms. Found 1 repository interfaces.
2019-06-20 13:28:27.727  INFO 1296 --- [restartedMain] trationDelegate$BeanPostProcessorChecker : Bean 'org.springframework.transaction.annotation.ProxyTransactionManagementConfiguration' of type [org.springframework.transaction.annotation.ProxyTransactionManagementConfiguration$$EnhancerBySpringCGLIB$$a130ffa5] is not eligible for getting processed by all BeanPostProcessors (for example: not eligible for auto-proxying)
2019-06-20 13:28:28.266  INFO 1296 --- [restartedMain] o.s.b.w.embedded.tomcat.TomcatWebServer  : Tomcat initialized with port(s): 8080 (http)
2019-06-20 13:28:28.306  INFO 1296 --- [restartedMain] o.apache.catalina.core.StandardService   : Starting service [Tomcat]
2019-06-20 13:28:28.306  INFO 1296 --- [restartedMain] org.apache.catalina.core.StandardEngine  : Starting Servlet engine: [Apache Tomcat/9.0.19]
2019-06-20 13:28:28.496  INFO 1296 --- [restartedMain] o.a.c.c.C.[Tomcat].[localhost].[/]       : Initializing Spring embedded WebApplicationContext
2019-06-20 13:28:28.497  INFO 1296 --- [restartedMain] o.s.web.context.ContextLoader            : Root WebApplicationContext: initialization completed in 3221 ms
2019-06-20 13:28:28.634  INFO 1296 --- [restartedMain] c.a.d.s.b.a.DruidDataSourceAutoConfigure : Init DruidDataSource
2019-06-20 13:28:28.827  INFO 1296 --- [restartedMain] com.alibaba.druid.pool.DruidDataSource   : {dataSource-1} inited
2019-06-20 13:28:29.377  INFO 1296 --- [restartedMain] o.hibernate.jpa.internal.util.LogHelper  : HHH000204: Processing PersistenceUnitInfo [
	name: default
	...]
2019-06-20 13:28:29.494  INFO 1296 --- [restartedMain] org.hibernate.Version                    : HHH000412: Hibernate Core {5.3.10.Final}
2019-06-20 13:28:29.498  INFO 1296 --- [restartedMain] org.hibernate.cfg.Environment            : HHH000206: hibernate.properties not found
2019-06-20 13:28:29.691  INFO 1296 --- [restartedMain] o.hibernate.annotations.common.Version   : HCANN000001: Hibernate Commons Annotations {5.0.4.Final}
2019-06-20 13:28:29.887  INFO 1296 --- [restartedMain] org.hibernate.dialect.Dialect            : HHH000400: Using dialect: org.hibernate.dialect.MySQL5InnoDBDialect
2019-06-20 13:28:30.741  INFO 1296 --- [restartedMain] j.LocalContainerEntityManagerFactoryBean : Initialized JPA EntityManagerFactory for persistence unit 'default'
2019-06-20 13:28:30.816  INFO 1296 --- [restartedMain] o.s.b.d.a.OptionalLiveReloadServer       : LiveReload server is running on port 35729
2019-06-20 13:28:31.576  INFO 1296 --- [restartedMain] o.s.s.concurrent.ThreadPoolTaskExecutor  : Initializing ExecutorService 'applicationTaskExecutor'
2019-06-20 13:28:31.664  WARN 1296 --- [restartedMain] aWebConfiguration$JpaWebMvcConfiguration : spring.jpa.open-in-view is enabled by default. Therefore, database queries may be performed during view rendering. Explicitly configure spring.jpa.open-in-view to disable this warning
2019-06-20 13:28:31.964  INFO 1296 --- [restartedMain] o.s.b.w.embedded.tomcat.TomcatWebServer  : Tomcat started on port(s): 8080 (http) with context path ''
2019-06-20 13:28:31.968  INFO 1296 --- [restartedMain] c.c.copybigdata.CopybigdataApplication   : Started CopybigdataApplication in 7.965 seconds (JVM running for 12.227)
2019-06-20 13:28:46.116  INFO 1296 --- [http-nio-8080-exec-1] o.a.c.c.C.[Tomcat].[localhost].[/]       : Initializing Spring DispatcherServlet 'dispatcherServlet'
2019-06-20 13:28:46.116  INFO 1296 --- [http-nio-8080-exec-1] o.s.web.servlet.DispatcherServlet        : Initializing Servlet 'dispatcherServlet'
2019-06-20 13:28:46.128  INFO 1296 --- [http-nio-8080-exec-1] o.s.web.servlet.DispatcherServlet        : Completed initialization in 11 ms
2019-06-20 16:42:01.881  INFO 2168 --- [restartedMain] c.c.copybigdata.CopybigdataApplication   : Starting CopybigdataApplication on HACKER-LIKER with PID 2168 (started by gdlzh in H:\编程资料汇总\项目汇总\就业大数据智能分析平台\代码\bigdata-java)
2019-06-20 16:42:01.910  INFO 2168 --- [restartedMain] c.c.copybigdata.CopybigdataApplication   : No active profile set, falling back to default profiles: default
2019-06-20 16:42:02.263  INFO 2168 --- [restartedMain] .e.DevToolsPropertyDefaultsPostProcessor : Devtools property defaults active! Set 'spring.devtools.add-properties' to 'false' to disable
2019-06-20 16:42:02.264  INFO 2168 --- [restartedMain] .e.DevToolsPropertyDefaultsPostProcessor : For additional web related logging consider setting the 'logging.level.web' property to 'DEBUG'
2019-06-20 16:42:05.057  INFO 2168 --- [restartedMain] .s.d.r.c.RepositoryConfigurationDelegate : Bootstrapping Spring Data repositories in DEFAULT mode.
2019-06-20 16:42:05.226  INFO 2168 --- [restartedMain] .s.d.r.c.RepositoryConfigurationDelegate : Finished Spring Data repository scanning in 155ms. Found 1 repository interfaces.
2019-06-20 16:42:06.170  INFO 2168 --- [restartedMain] trationDelegate$BeanPostProcessorChecker : Bean 'org.springframework.transaction.annotation.ProxyTransactionManagementConfiguration' of type [org.springframework.transaction.annotation.ProxyTransactionManagementConfiguration$$EnhancerBySpringCGLIB$$2fdafbe9] is not eligible for getting processed by all BeanPostProcessors (for example: not eligible for auto-proxying)
2019-06-20 16:42:07.230  INFO 2168 --- [restartedMain] o.s.b.w.embedded.tomcat.TomcatWebServer  : Tomcat initialized with port(s): 8080 (http)
2019-06-20 16:42:07.325  INFO 2168 --- [restartedMain] o.apache.catalina.core.StandardService   : Starting service [Tomcat]
2019-06-20 16:42:07.326  INFO 2168 --- [restartedMain] org.apache.catalina.core.StandardEngine  : Starting Servlet engine: [Apache Tomcat/9.0.19]
2019-06-20 16:42:07.533  INFO 2168 --- [restartedMain] o.a.c.c.C.[Tomcat].[localhost].[/]       : Initializing Spring embedded WebApplicationContext
2019-06-20 16:42:07.534  INFO 2168 --- [restartedMain] o.s.web.context.ContextLoader            : Root WebApplicationContext: initialization completed in 5269 ms
2019-06-20 16:42:07.745  INFO 2168 --- [restartedMain] c.a.d.s.b.a.DruidDataSourceAutoConfigure : Init DruidDataSource
2019-06-20 16:42:08.075  INFO 2168 --- [restartedMain] com.alibaba.druid.pool.DruidDataSource   : {dataSource-1} inited
2019-06-20 16:42:08.976  INFO 2168 --- [restartedMain] o.hibernate.jpa.internal.util.LogHelper  : HHH000204: Processing PersistenceUnitInfo [
	name: default
	...]
2019-06-20 16:42:09.133  INFO 2168 --- [restartedMain] org.hibernate.Version                    : HHH000412: Hibernate Core {5.3.10.Final}
2019-06-20 16:42:09.136  INFO 2168 --- [restartedMain] org.hibernate.cfg.Environment            : HHH000206: hibernate.properties not found
2019-06-20 16:42:09.599  INFO 2168 --- [restartedMain] o.hibernate.annotations.common.Version   : HCANN000001: Hibernate Commons Annotations {5.0.4.Final}
2019-06-20 16:42:10.424  INFO 2168 --- [restartedMain] org.hibernate.dialect.Dialect            : HHH000400: Using dialect: org.hibernate.dialect.MySQL5InnoDBDialect
2019-06-20 16:42:12.450  INFO 2168 --- [restartedMain] j.LocalContainerEntityManagerFactoryBean : Initialized JPA EntityManagerFactory for persistence unit 'default'
2019-06-20 16:42:12.623  INFO 2168 --- [restartedMain] o.s.b.d.a.OptionalLiveReloadServer       : LiveReload server is running on port 35729
2019-06-20 16:42:13.936  INFO 2168 --- [restartedMain] o.s.s.concurrent.ThreadPoolTaskExecutor  : Initializing ExecutorService 'applicationTaskExecutor'
2019-06-20 16:42:13.997  WARN 2168 --- [restartedMain] aWebConfiguration$JpaWebMvcConfiguration : spring.jpa.open-in-view is enabled by default. Therefore, database queries may be performed during view rendering. Explicitly configure spring.jpa.open-in-view to disable this warning
2019-06-20 16:42:14.391  INFO 2168 --- [restartedMain] o.s.b.w.embedded.tomcat.TomcatWebServer  : Tomcat started on port(s): 8080 (http) with context path ''
2019-06-20 16:42:14.396  INFO 2168 --- [restartedMain] c.c.copybigdata.CopybigdataApplication   : Started CopybigdataApplication in 15.479 seconds (JVM running for 23.515)
2019-06-20 16:42:43.438  INFO 2168 --- [http-nio-8080-exec-1] o.a.c.c.C.[Tomcat].[localhost].[/]       : Initializing Spring DispatcherServlet 'dispatcherServlet'
2019-06-20 16:42:43.439  INFO 2168 --- [http-nio-8080-exec-1] o.s.web.servlet.DispatcherServlet        : Initializing Servlet 'dispatcherServlet'
2019-06-20 16:42:43.454  INFO 2168 --- [http-nio-8080-exec-1] o.s.web.servlet.DispatcherServlet        : Completed initialization in 15 ms
=======
2019-07-02 14:39:28.064  INFO 1940 --- [restartedMain] c.c.copybigdata.CopybigdataApplication   : Starting CopybigdataApplication on LAN with PID 1940 (D:\java\ideaproject\bigdata-java\target\classes started by 14350 in D:\java\ideaproject\bigdata-java)
2019-07-02 14:39:28.070  INFO 1940 --- [restartedMain] c.c.copybigdata.CopybigdataApplication   : No active profile set, falling back to default profiles: default
2019-07-02 14:39:28.330  INFO 1940 --- [restartedMain] .e.DevToolsPropertyDefaultsPostProcessor : Devtools property defaults active! Set 'spring.devtools.add-properties' to 'false' to disable
2019-07-02 14:39:28.330  INFO 1940 --- [restartedMain] .e.DevToolsPropertyDefaultsPostProcessor : For additional web related logging consider setting the 'logging.level.web' property to 'DEBUG'
2019-07-02 14:39:31.063  INFO 1940 --- [restartedMain] .s.d.r.c.RepositoryConfigurationDelegate : Bootstrapping Spring Data repositories in DEFAULT mode.
2019-07-02 14:39:31.223  INFO 1940 --- [restartedMain] .s.d.r.c.RepositoryConfigurationDelegate : Finished Spring Data repository scanning in 125ms. Found 1 repository interfaces.
2019-07-02 14:39:31.862  INFO 1940 --- [restartedMain] trationDelegate$BeanPostProcessorChecker : Bean 'org.springframework.transaction.annotation.ProxyTransactionManagementConfiguration' of type [org.springframework.transaction.annotation.ProxyTransactionManagementConfiguration$$EnhancerBySpringCGLIB$$5f4b881] is not eligible for getting processed by all BeanPostProcessors (for example: not eligible for auto-proxying)
2019-07-02 14:39:32.464  INFO 1940 --- [restartedMain] o.s.b.w.embedded.tomcat.TomcatWebServer  : Tomcat initialized with port(s): 8080 (http)
2019-07-02 14:39:32.502  INFO 1940 --- [restartedMain] o.apache.catalina.core.StandardService   : Starting service [Tomcat]
2019-07-02 14:39:32.502  INFO 1940 --- [restartedMain] org.apache.catalina.core.StandardEngine  : Starting Servlet engine: [Apache Tomcat/9.0.19]
2019-07-02 14:39:32.628  INFO 1940 --- [restartedMain] o.a.c.c.C.[Tomcat].[localhost].[/]       : Initializing Spring embedded WebApplicationContext
2019-07-02 14:39:32.628  INFO 1940 --- [restartedMain] o.s.web.context.ContextLoader            : Root WebApplicationContext: initialization completed in 4297 ms
2019-07-02 14:39:32.917  INFO 1940 --- [restartedMain] c.a.d.s.b.a.DruidDataSourceAutoConfigure : Init DruidDataSource
2019-07-02 14:39:33.348  INFO 1940 --- [restartedMain] com.alibaba.druid.pool.DruidDataSource   : {dataSource-1} inited
2019-07-02 14:39:33.972  INFO 1940 --- [restartedMain] o.hibernate.jpa.internal.util.LogHelper  : HHH000204: Processing PersistenceUnitInfo [
	name: default
	...]
2019-07-02 14:39:34.152  INFO 1940 --- [restartedMain] org.hibernate.Version                    : HHH000412: Hibernate Core {5.3.10.Final}
2019-07-02 14:39:34.154  INFO 1940 --- [restartedMain] org.hibernate.cfg.Environment            : HHH000206: hibernate.properties not found
2019-07-02 14:39:34.566  INFO 1940 --- [restartedMain] o.hibernate.annotations.common.Version   : HCANN000001: Hibernate Commons Annotations {5.0.4.Final}
2019-07-02 14:39:34.859  INFO 1940 --- [restartedMain] org.hibernate.dialect.Dialect            : HHH000400: Using dialect: org.hibernate.dialect.MySQL5InnoDBDialect
2019-07-02 14:39:36.188  INFO 1940 --- [restartedMain] j.LocalContainerEntityManagerFactoryBean : Initialized JPA EntityManagerFactory for persistence unit 'default'
2019-07-02 14:39:36.256  INFO 1940 --- [restartedMain] o.s.b.d.a.OptionalLiveReloadServer       : LiveReload server is running on port 35729
2019-07-02 14:39:37.179  WARN 1940 --- [restartedMain] aWebConfiguration$JpaWebMvcConfiguration : spring.jpa.open-in-view is enabled by default. Therefore, database queries may be performed during view rendering. Explicitly configure spring.jpa.open-in-view to disable this warning
2019-07-02 14:39:37.635  INFO 1940 --- [restartedMain] o.s.s.concurrent.ThreadPoolTaskExecutor  : Initializing ExecutorService 'applicationTaskExecutor'
2019-07-02 14:39:37.939  INFO 1940 --- [restartedMain] d.s.w.p.DocumentationPluginsBootstrapper : Context refreshed
2019-07-02 14:39:37.981  INFO 1940 --- [restartedMain] d.s.w.p.DocumentationPluginsBootstrapper : Found 1 custom documentation plugin(s)
2019-07-02 14:39:38.000  INFO 1940 --- [restartedMain] s.d.s.w.s.ApiListingReferenceScanner     : Scanning for api listing references
2019-07-02 14:39:38.263  WARN 1940 --- [restartedMain] d.s.r.o.OperationImplicitParameterReader : Coercing to be of type string. This may not even be a scalar type in actuality
2019-07-02 14:39:38.368  INFO 1940 --- [restartedMain] o.s.b.w.embedded.tomcat.TomcatWebServer  : Tomcat started on port(s): 8080 (http) with context path ''
2019-07-02 14:39:38.372  INFO 1940 --- [restartedMain] c.c.copybigdata.CopybigdataApplication   : Started CopybigdataApplication in 11.422 seconds (JVM running for 14.402)
2019-07-02 14:40:00.245  INFO 1940 --- [http-nio-8080-exec-1] o.a.c.c.C.[Tomcat].[localhost].[/]       : Initializing Spring DispatcherServlet 'dispatcherServlet'
2019-07-02 14:40:00.246  INFO 1940 --- [http-nio-8080-exec-1] o.s.web.servlet.DispatcherServlet        : Initializing Servlet 'dispatcherServlet'
2019-07-02 14:40:00.258  INFO 1940 --- [http-nio-8080-exec-1] o.s.web.servlet.DispatcherServlet        : Completed initialization in 12 ms
>>>>>>> Stashed changes
2019-07-02 14:45:50.186  INFO 10320 --- [restartedMain] c.c.copybigdata.CopybigdataApplication   : Starting CopybigdataApplication on LAN with PID 10320 (D:\java\ideaproject\bigdata-java\target\classes started by 14350 in D:\java\ideaproject\bigdata-java)
2019-07-02 14:45:50.190  INFO 10320 --- [restartedMain] c.c.copybigdata.CopybigdataApplication   : No active profile set, falling back to default profiles: default
2019-07-02 14:45:50.360  INFO 10320 --- [restartedMain] .e.DevToolsPropertyDefaultsPostProcessor : Devtools property defaults active! Set 'spring.devtools.add-properties' to 'false' to disable
2019-07-02 14:45:50.360  INFO 10320 --- [restartedMain] .e.DevToolsPropertyDefaultsPostProcessor : For additional web related logging consider setting the 'logging.level.web' property to 'DEBUG'
2019-07-02 14:45:51.568  INFO 10320 --- [restartedMain] .s.d.r.c.RepositoryConfigurationDelegate : Bootstrapping Spring Data repositories in DEFAULT mode.
2019-07-02 14:45:51.628  INFO 10320 --- [restartedMain] .s.d.r.c.RepositoryConfigurationDelegate : Finished Spring Data repository scanning in 52ms. Found 1 repository interfaces.
2019-07-02 14:45:51.970  INFO 10320 --- [restartedMain] trationDelegate$BeanPostProcessorChecker : Bean 'org.springframework.transaction.annotation.ProxyTransactionManagementConfiguration' of type [org.springframework.transaction.annotation.ProxyTransactionManagementConfiguration$$EnhancerBySpringCGLIB$$62232b32] is not eligible for getting processed by all BeanPostProcessors (for example: not eligible for auto-proxying)
2019-07-02 14:45:52.434  INFO 10320 --- [restartedMain] o.s.b.w.embedded.tomcat.TomcatWebServer  : Tomcat initialized with port(s): 8080 (http)
2019-07-02 14:45:52.459  INFO 10320 --- [restartedMain] o.apache.catalina.core.StandardService   : Starting service [Tomcat]
2019-07-02 14:45:52.460  INFO 10320 --- [restartedMain] org.apache.catalina.core.StandardEngine  : Starting Servlet engine: [Apache Tomcat/9.0.19]
2019-07-02 14:45:52.585  INFO 10320 --- [restartedMain] o.a.c.c.C.[Tomcat].[localhost].[/]       : Initializing Spring embedded WebApplicationContext
2019-07-02 14:45:52.585  INFO 10320 --- [restartedMain] o.s.web.context.ContextLoader            : Root WebApplicationContext: initialization completed in 2225 ms
2019-07-02 14:45:52.673  INFO 10320 --- [restartedMain] c.a.d.s.b.a.DruidDataSourceAutoConfigure : Init DruidDataSource
2019-07-02 14:45:52.891  INFO 10320 --- [restartedMain] com.alibaba.druid.pool.DruidDataSource   : {dataSource-1} inited
2019-07-02 14:45:53.163  INFO 10320 --- [restartedMain] o.hibernate.jpa.internal.util.LogHelper  : HHH000204: Processing PersistenceUnitInfo [
	name: default
	...]
2019-07-02 14:45:53.228  INFO 10320 --- [restartedMain] org.hibernate.Version                    : HHH000412: Hibernate Core {5.3.10.Final}
2019-07-02 14:45:53.230  INFO 10320 --- [restartedMain] org.hibernate.cfg.Environment            : HHH000206: hibernate.properties not found
2019-07-02 14:45:53.348  INFO 10320 --- [restartedMain] o.hibernate.annotations.common.Version   : HCANN000001: Hibernate Commons Annotations {5.0.4.Final}
2019-07-02 14:45:53.475  INFO 10320 --- [restartedMain] org.hibernate.dialect.Dialect            : HHH000400: Using dialect: org.hibernate.dialect.MySQL5InnoDBDialect
2019-07-02 14:45:54.027  INFO 10320 --- [restartedMain] j.LocalContainerEntityManagerFactoryBean : Initialized JPA EntityManagerFactory for persistence unit 'default'
2019-07-02 14:45:54.068  INFO 10320 --- [restartedMain] o.s.b.d.a.OptionalLiveReloadServer       : LiveReload server is running on port 35729
2019-07-02 14:45:54.530  WARN 10320 --- [restartedMain] aWebConfiguration$JpaWebMvcConfiguration : spring.jpa.open-in-view is enabled by default. Therefore, database queries may be performed during view rendering. Explicitly configure spring.jpa.open-in-view to disable this warning
2019-07-02 14:45:54.789  INFO 10320 --- [restartedMain] o.s.s.concurrent.ThreadPoolTaskExecutor  : Initializing ExecutorService 'applicationTaskExecutor'
2019-07-02 14:45:55.024  INFO 10320 --- [restartedMain] d.s.w.p.DocumentationPluginsBootstrapper : Context refreshed
2019-07-02 14:45:55.049  INFO 10320 --- [restartedMain] d.s.w.p.DocumentationPluginsBootstrapper : Found 1 custom documentation plugin(s)
2019-07-02 14:45:55.060  INFO 10320 --- [restartedMain] s.d.s.w.s.ApiListingReferenceScanner     : Scanning for api listing references
2019-07-02 14:45:55.190  WARN 10320 --- [restartedMain] d.s.r.o.OperationImplicitParameterReader : Coercing to be of type string. This may not even be a scalar type in actuality
2019-07-02 14:45:55.244  INFO 10320 --- [restartedMain] o.s.b.w.embedded.tomcat.TomcatWebServer  : Tomcat started on port(s): 8080 (http) with context path ''
2019-07-02 14:45:55.247  INFO 10320 --- [restartedMain] c.c.copybigdata.CopybigdataApplication   : Started CopybigdataApplication in 5.601 seconds (JVM running for 7.319)
2019-07-02 14:46:00.839  INFO 10320 --- [http-nio-8080-exec-1] o.a.c.c.C.[Tomcat].[localhost].[/]       : Initializing Spring DispatcherServlet 'dispatcherServlet'
2019-07-02 14:46:00.839  INFO 10320 --- [http-nio-8080-exec-1] o.s.web.servlet.DispatcherServlet        : Initializing Servlet 'dispatcherServlet'
2019-07-02 14:46:00.855  INFO 10320 --- [http-nio-8080-exec-1] o.s.web.servlet.DispatcherServlet        : Completed initialization in 15 ms
2019-07-02 15:53:37.721  INFO 7016 --- [restartedMain] c.c.copybigdata.CopybigdataApplication   : Starting CopybigdataApplication on LAN with PID 7016 (D:\java\ideaproject\bigdata-java\target\classes started by 14350 in D:\java\ideaproject\bigdata-java)
2019-07-02 15:53:37.724  INFO 7016 --- [restartedMain] c.c.copybigdata.CopybigdataApplication   : No active profile set, falling back to default profiles: default
2019-07-02 15:53:37.870  INFO 7016 --- [restartedMain] .e.DevToolsPropertyDefaultsPostProcessor : Devtools property defaults active! Set 'spring.devtools.add-properties' to 'false' to disable
2019-07-02 15:53:37.871  INFO 7016 --- [restartedMain] .e.DevToolsPropertyDefaultsPostProcessor : For additional web related logging consider setting the 'logging.level.web' property to 'DEBUG'
2019-07-02 15:53:39.149  INFO 7016 --- [restartedMain] .s.d.r.c.RepositoryConfigurationDelegate : Bootstrapping Spring Data repositories in DEFAULT mode.
2019-07-02 15:53:39.210  INFO 7016 --- [restartedMain] .s.d.r.c.RepositoryConfigurationDelegate : Finished Spring Data repository scanning in 53ms. Found 1 repository interfaces.
2019-07-02 15:53:39.548  INFO 7016 --- [restartedMain] trationDelegate$BeanPostProcessorChecker : Bean 'org.springframework.transaction.annotation.ProxyTransactionManagementConfiguration' of type [org.springframework.transaction.annotation.ProxyTransactionManagementConfiguration$$EnhancerBySpringCGLIB$$ea31e048] is not eligible for getting processed by all BeanPostProcessors (for example: not eligible for auto-proxying)
2019-07-02 15:53:39.899  INFO 7016 --- [restartedMain] o.s.b.w.embedded.tomcat.TomcatWebServer  : Tomcat initialized with port(s): 8080 (http)
2019-07-02 15:53:39.924  INFO 7016 --- [restartedMain] o.apache.catalina.core.StandardService   : Starting service [Tomcat]
2019-07-02 15:53:39.924  INFO 7016 --- [restartedMain] org.apache.catalina.core.StandardEngine  : Starting Servlet engine: [Apache Tomcat/9.0.19]
2019-07-02 15:53:40.056  INFO 7016 --- [restartedMain] o.a.c.c.C.[Tomcat].[localhost].[/]       : Initializing Spring embedded WebApplicationContext
2019-07-02 15:53:40.057  INFO 7016 --- [restartedMain] o.s.web.context.ContextLoader            : Root WebApplicationContext: initialization completed in 2186 ms
2019-07-02 15:53:40.148  INFO 7016 --- [restartedMain] c.a.d.s.b.a.DruidDataSourceAutoConfigure : Init DruidDataSource
2019-07-02 15:53:40.417  INFO 7016 --- [restartedMain] com.alibaba.druid.pool.DruidDataSource   : {dataSource-1} inited
2019-07-02 15:53:40.707  INFO 7016 --- [restartedMain] o.hibernate.jpa.internal.util.LogHelper  : HHH000204: Processing PersistenceUnitInfo [
	name: default
	...]
2019-07-02 15:53:40.768  INFO 7016 --- [restartedMain] org.hibernate.Version                    : HHH000412: Hibernate Core {5.3.10.Final}
2019-07-02 15:53:40.770  INFO 7016 --- [restartedMain] org.hibernate.cfg.Environment            : HHH000206: hibernate.properties not found
2019-07-02 15:53:40.884  INFO 7016 --- [restartedMain] o.hibernate.annotations.common.Version   : HCANN000001: Hibernate Commons Annotations {5.0.4.Final}
2019-07-02 15:53:41.009  INFO 7016 --- [restartedMain] org.hibernate.dialect.Dialect            : HHH000400: Using dialect: org.hibernate.dialect.MySQL5InnoDBDialect
2019-07-02 15:53:41.557  INFO 7016 --- [restartedMain] j.LocalContainerEntityManagerFactoryBean : Initialized JPA EntityManagerFactory for persistence unit 'default'
2019-07-02 15:53:41.599  INFO 7016 --- [restartedMain] o.s.b.d.a.OptionalLiveReloadServer       : LiveReload server is running on port 35729
2019-07-02 15:53:42.133  WARN 7016 --- [restartedMain] aWebConfiguration$JpaWebMvcConfiguration : spring.jpa.open-in-view is enabled by default. Therefore, database queries may be performed during view rendering. Explicitly configure spring.jpa.open-in-view to disable this warning
2019-07-02 15:53:42.393  INFO 7016 --- [restartedMain] o.s.s.concurrent.ThreadPoolTaskExecutor  : Initializing ExecutorService 'applicationTaskExecutor'
2019-07-02 15:53:42.590  INFO 7016 --- [restartedMain] d.s.w.p.DocumentationPluginsBootstrapper : Context refreshed
2019-07-02 15:53:42.613  INFO 7016 --- [restartedMain] d.s.w.p.DocumentationPluginsBootstrapper : Found 1 custom documentation plugin(s)
2019-07-02 15:53:42.624  INFO 7016 --- [restartedMain] s.d.s.w.s.ApiListingReferenceScanner     : Scanning for api listing references
2019-07-02 15:53:42.783  WARN 7016 --- [restartedMain] d.s.r.o.OperationImplicitParameterReader : Coercing to be of type string. This may not even be a scalar type in actuality
2019-07-02 15:53:42.848  INFO 7016 --- [restartedMain] o.s.b.w.embedded.tomcat.TomcatWebServer  : Tomcat started on port(s): 8080 (http) with context path ''
2019-07-02 15:53:42.851  INFO 7016 --- [restartedMain] c.c.copybigdata.CopybigdataApplication   : Started CopybigdataApplication in 5.672 seconds (JVM running for 7.429)
2019-07-02 15:53:50.262  INFO 7016 --- [http-nio-8080-exec-1] o.a.c.c.C.[Tomcat].[localhost].[/]       : Initializing Spring DispatcherServlet 'dispatcherServlet'
2019-07-02 15:53:50.262  INFO 7016 --- [http-nio-8080-exec-1] o.s.web.servlet.DispatcherServlet        : Initializing Servlet 'dispatcherServlet'
2019-07-02 15:53:50.276  INFO 7016 --- [http-nio-8080-exec-1] o.s.web.servlet.DispatcherServlet        : Completed initialization in 14 ms
